// Jest Snapshot v1, https://goo.gl/fbAQLP

exports[`renders the UI correctly 1`] = `
<View>
  <View
    style={
      {
        "flex": 1,
        "gap": 10,
        "justifyContent": "space-between",
        "marginBottom": 10,
        "padding": 10,
      }
    }
  >
    <View
      style={
        {
          "alignItems": "center",
          "columnGap": 10,
          "flexDirection": "row",
          "padding": 10,
        }
      }
    >
      <View
        style={
          {
            "backgroundColor": "grey",
            "padding": 8,
            "width": "10%",
          }
        }
      />
      <View
        style={
          {
            "backgroundColor": "grey",
            "padding": 8,
            "width": "80%",
          }
        }
      />
    </View>
    <View
      style={
        {
          "backgroundColor": "grey",
          "margin": 10,
          "padding": 100,
          "width": "60%",
        }
      }
    />
  </View>
</View>
`;
